\set VERBOSITY terse
CREATE EXTENSION hba_fdw;
CREATE SERVER hba FOREIGN DATA WRAPPER hba_fdw;
CREATE FOREIGN TABLE pg_hba (host TEXT) SERVER hba;
SET client_min_messages TO DEBUG1;
SELECT * FROM pg_hba;
DEBUG:  entering function hba_fdw_handler
DEBUG:  entering function hbaGetForeignPaths
DEBUG:  entering function hbaGetForeignPlan
DEBUG:  entering function hbaBeginForeignScan
DEBUG:  entering function hbaIterateForeignScan
DEBUG:  entering function hbaEndForeignScan
 host 
------
(0 rows)

SELECT count(1) FROM pg_catalog.pg_statistic WHERE starelid = 'pg_hba'::regclass;
 count 
-------
     0
(1 row)

ANALYZE pg_hba;
SELECT count(1) FROM pg_catalog.pg_statistic WHERE starelid = 'pg_hba'::regclass;
 count 
-------
     1
(1 row)

EXPLAIN (COSTS OFF, VERBOSE) SELECT * FROM pg_hba;
DEBUG:  entering function hba_fdw_handler
DEBUG:  entering function hbaGetForeignPaths
DEBUG:  entering function hbaGetForeignPlan
DEBUG:  entering function hbaBeginForeignScan
DEBUG:  entering function hbaExplainForeignScan
DEBUG:  entering function hbaEndForeignScan
                   QUERY PLAN                    
-------------------------------------------------
 Foreign Scan on public.pg_hba
   Output: host
   Foreign Hba File: /tmp/master5432/pg_hba.conf
(3 rows)

